---
source: tests/reporting.rs
expression: text_of(&stdout)
---
{"$schema":"https://json.schemastore.org/sarif-2.1.0.json","version":"2.1.0","runs":[{"tool":{"driver":{"name":"sentinel","version":"0.1.0","rules":[{"id":"SECRET-aws-access-key"},{"id":"SECRET-synthetic-token"}]}},"results":[{"ruleId":"SECRET-aws-access-key","ruleIndex":0,"level":"error","message":{"text":"AWS access key ID detected"},"locations":[{"physicalLocation":{"artifactLocation":{"uri":"config.env"},"region":{"startLine":2,"startColumn":12}}}]},{"ruleId":"SECRET-synthetic-token","ruleIndex":1,"level":"warning","message":{"text":"synthetic secret token detected"},"locations":[{"physicalLocation":{"artifactLocation":{"uri":"config.env"},"region":{"startLine":3,"startColumn":9}}}]},{"ruleId":"SECRET-synthetic-token","ruleIndex":1,"level":"warning","message":{"text":"synthetic secret token detected"},"locations":[{"physicalLocation":{"artifactLocation":{"uri":"settings/app.conf"},"region":{"startLine":2,"startColumn":9}}}]}]}]}
